// Vitest Snapshot v1, https://vitest.dev/guide/snapshot.html

exports[`JsonFormatter > transform > it should return a JSON string 1`] = `"{"bookTitle":"Essential Programming","chapterTitle":"Chapter 1: Logic","dateOfHighlight":"2021-09-19","bookURL":"https://exmaple.com/book","chapterURL":"https://exmaple.com/book/chapter1","annotationURL":"https://exmaple.com/book/chapter1#section","highlight":"Using logic.","color":"YELLOW","personalNote":"This is a personal note."}"`;
